
[:stdout - 1]
/-/-/-/
pipeline-bundles:
  ${REGISTRY}/acceptance/bundle:
    - digest: sha256:${REGISTRY_acceptance/bundle:tag_DIGEST}
      effective_on: "2024-01-04T00:00:00Z"
      tag: tag
task-bundles:
  ${REGISTRY}/acceptance/bundle:
    - digest: sha256:${REGISTRY_acceptance/bundle:tag_DIGEST}
      effective_on: "2024-01-04T00:00:00Z"
      tag: tag

---

[:stderr - 1]

---

[:stdout - 2]
/-/-/-/
pipeline-bundles:
  ${REGISTRY}/acceptance/bundle:
    - digest: sha256:${REGISTRY_acceptance/bundle:tag_DIGEST}
      effective_on: "${TIMESTAMP}"
      tag: tag
    - digest: sha256:96e96850c6561bdd7514d0f9849e3cdb2f3c284480663128a438537f602ff64e
      effective_on: "2006-01-02T15:04:05Z"
      tag: tag
task-bundles:
  ${REGISTRY}/acceptance/bundle:
    - digest: sha256:${REGISTRY_acceptance/bundle:tag_DIGEST}
      effective_on: "${TIMESTAMP}"
      tag: tag
    - digest: sha256:96e96850c6561bdd7514d0f9849e3cdb2f3c284480663128a438537f602ff64e
      effective_on: "2006-01-02T15:04:05Z"
      tag: tag

---

[:stderr - 2]

---

[Fresh tags:stdout - 1]
/-/-/-/
pipeline-bundles:
  ${REGISTRY}/acceptance/bundle:
    - digest: sha256:${REGISTRY_acceptance/bundle:tag_DIGEST}
      effective_on: "2024-01-04T00:00:00Z"
      tag: tag
    - digest: sha256:96e96850c6561bdd7514d0f9849e3cdb2f3c284480663128a438537f602ff64e
      effective_on: "${TIMESTAMP}"
      tag: tag
task-bundles:
  ${REGISTRY}/acceptance/bundle:
    - digest: sha256:${REGISTRY_acceptance/bundle:tag_DIGEST}
      effective_on: "2024-01-04T00:00:00Z"
      tag: tag
    - digest: sha256:96e96850c6561bdd7514d0f9849e3cdb2f3c284480663128a438537f602ff64e
      effective_on: "${TIMESTAMP}"
      tag: tag

---

[Fresh tags:stderr - 1]

---
